[494:507:0924/181632.549422:ERROR:dbus/bus.cc:408] Failed to connect to the bus: Failed to connect to socket /run/dbus/system_bus_socket: No such file or directory
[494:507:0924/181632.555924:ERROR:dbus/bus.cc:408] Failed to connect to the bus: Could not parse server address: Unknown address type (examples of valid types are "tcp" and on UNIX "unix")
[494:507:0924/181632.556176:ERROR:dbus/bus.cc:408] Failed to connect to the bus: Failed to connect to socket /run/dbus/system_bus_socket: No such file or directory
[494:507:0924/181632.556237:ERROR:dbus/bus.cc:408] Failed to connect to the bus: Failed to connect to socket /run/dbus/system_bus_socket: No such file or directory
[522:522:0924/181632.576890:WARNING:sandbox/policy/linux/sandbox_linux.cc:414] InitializeSandbox() called with multiple threads in process gpu-process.
[494:494:0924/181632.584824:WARNING:chrome/browser/signin/account_consistency_mode_manager.cc:74] Desktop Identity Consistency cannot be enabled as no OAuth client ID and client secret have been configured.
[494:507:0924/181632.589714:ERROR:dbus/bus.cc:408] Failed to connect to the bus: Could not parse server address: Unknown address type (examples of valid types are "tcp" and on UNIX "unix")
[494:507:0924/181632.616975:ERROR:dbus/bus.cc:408] Failed to connect to the bus: Could not parse server address: Unknown address type (examples of valid types are "tcp" and on UNIX "unix")
[494:494:0924/181632.675503:ERROR:dbus/object_proxy.cc:573] Failed to call method: org.freedesktop.DBus.NameHasOwner: object_path= /org/freedesktop/DBus: unknown error type: 
[494:494:0924/181632.675636:WARNING:device/bluetooth/dbus/bluez_dbus_manager.cc:209] Floss manager service not available, cannot set Floss enable/disable.
[494:507:0924/181632.675822:ERROR:dbus/bus.cc:408] Failed to connect to the bus: Could not parse server address: Unknown address type (examples of valid types are "tcp" and on UNIX "unix")
[494:507:0924/181632.675851:ERROR:dbus/bus.cc:408] Failed to connect to the bus: Could not parse server address: Unknown address type (examples of valid types are "tcp" and on UNIX "unix")
[494:507:0924/181632.675865:ERROR:dbus/bus.cc:408] Failed to connect to the bus: Could not parse server address: Unknown address type (examples of valid types are "tcp" and on UNIX "unix")
[494:507:0924/181632.675870:ERROR:dbus/bus.cc:408] Failed to connect to the bus: Could not parse server address: Unknown address type (examples of valid types are "tcp" and on UNIX "unix")
[494:507:0924/181632.675875:ERROR:dbus/bus.cc:408] Failed to connect to the bus: Could not parse server address: Unknown address type (examples of valid types are "tcp" and on UNIX "unix")
[494:507:0924/181632.675879:ERROR:dbus/bus.cc:408] Failed to connect to the bus: Could not parse server address: Unknown address type (examples of valid types are "tcp" and on UNIX "unix")
[494:494:0924/181632.680428:ERROR:dbus/object_proxy.cc:573] Failed to call method: org.freedesktop.DBus.NameHasOwner: object_path= /org/freedesktop/DBus: unknown error type: 
[494:494:0924/181632.685385:ERROR:dbus/object_proxy.cc:573] Failed to call method: org.freedesktop.DBus.NameHasOwner: object_path= /org/freedesktop/DBus: unknown error type: 
[524:547:0924/181632.686555:ERROR:net/socket/socket_posix.cc:99] CreatePlatformSocket() failed: Address family not supported by protocol (97)
[494:507:0924/181632.687340:ERROR:dbus/bus.cc:408] Failed to connect to the bus: Could not parse server address: Unknown address type (examples of valid types are "tcp" and on UNIX "unix")
[494:507:0924/181632.689248:ERROR:dbus/bus.cc:408] Failed to connect to the bus: Failed to connect to socket /run/dbus/system_bus_socket: No such file or directory
[494:507:0924/181632.689337:ERROR:dbus/bus.cc:408] Failed to connect to the bus: Failed to connect to socket /run/dbus/system_bus_socket: No such file or directory
[494:494:0924/181632.689466:ERROR:dbus/object_proxy.cc:573] Failed to call method: org.freedesktop.DBus.NameHasOwner: object_path= /org/freedesktop/DBus: unknown error type: 
[494:494:0924/181632.689527:ERROR:dbus/object_proxy.cc:573] Failed to call method: org.freedesktop.DBus.NameHasOwner: object_path= /org/freedesktop/DBus: unknown error type: 
[494:494:0924/181632.689554:ERROR:dbus/object_proxy.cc:573] Failed to call method: org.freedesktop.DBus.NameHasOwner: object_path= /org/freedesktop/DBus: unknown error type: 
[494:507:0924/181632.689605:ERROR:dbus/bus.cc:408] Failed to connect to the bus: Could not parse server address: Unknown address type (examples of valid types are "tcp" and on UNIX "unix")
[494:494:0924/181632.691818:ERROR:dbus/object_proxy.cc:573] Failed to call method: org.freedesktop.DBus.NameHasOwner: object_path= /org/freedesktop/DBus: unknown error type: 
[494:507:0924/181632.692108:ERROR:dbus/bus.cc:408] Failed to connect to the bus: Could not parse server address: Unknown address type (examples of valid types are "tcp" and on UNIX "unix")
[494:494:0924/181632.694252:WARNING:dbus/property.cc:94] Failed to connect to PropertiesChangedsignal.
[494:494:0924/181632.694319:ERROR:dbus/object_proxy.cc:573] Failed to call method: org.freedesktop.DBus.Properties.GetAll: object_path= /org/freedesktop/UPower/devices/DisplayDevice: unknown error type: 
[494:494:0924/181632.694325:WARNING:dbus/property.cc:174] GetAll request failed for: org.freedesktop.UPower.Device
[494:494:0924/181632.694479:ERROR:dbus/object_proxy.cc:573] Failed to call method: org.freedesktop.DBus.NameHasOwner: object_path= /org/freedesktop/DBus: unknown error type: 
[524:547:0924/181632.700942:ERROR:net/socket/socket_posix.cc:99] CreatePlatformSocket() failed: Address family not supported by protocol (97)
[494:494:0924/181632.709757:ERROR:dbus/object_proxy.cc:573] Failed to call method: org.freedesktop.DBus.NameHasOwner: object_path= /org/freedesktop/DBus: unknown error type: 
[494:507:0924/181632.709861:ERROR:dbus/bus.cc:408] Failed to connect to the bus: Could not parse server address: Unknown address type (examples of valid types are "tcp" and on UNIX "unix")
[524:547:0924/181632.713998:ERROR:net/socket/socket_posix.cc:99] CreatePlatformSocket() failed: Address family not supported by protocol (97)
[494:494:0924/181632.714276:ERROR:dbus/object_proxy.cc:573] Failed to call method: org.freedesktop.DBus.NameHasOwner: object_path= /org/freedesktop/DBus: unknown error type: 
[494:507:0924/181632.714494:ERROR:dbus/bus.cc:408] Failed to connect to the bus: Could not parse server address: Unknown address type (examples of valid types are "tcp" and on UNIX "unix")
[494:494:0924/181632.722414:ERROR:dbus/object_proxy.cc:573] Failed to call method: org.freedesktop.DBus.NameHasOwner: object_path= /org/freedesktop/DBus: unknown error type: 
[494:494:0924/181632.722891:WARNING:ui/base/idle/idle_linux.cc:98] None of the known D-Bus ScreenSaver services could be used.
[494:494:0924/181632.759896:INFO:CONSOLE:1] "bench {"scale":1,"res":"1920x1080","fps":21.9,"p95":92.8}", source: http://localhost:8011/ (1)
[524:547:0924/181633.050571:ERROR:net/socket/ssl_client_socket_impl.cc:902] handshake failed; returned -1, SSL error code 1, net_error -202
[524:547:0924/181634.182527:ERROR:net/socket/ssl_client_socket_impl.cc:902] handshake failed; returned -1, SSL error code 1, net_error -202
[524:547:0924/181637.284645:ERROR:net/socket/ssl_client_socket_impl.cc:902] handshake failed; returned -1, SSL error code 1, net_error -202
[524:547:0924/181637.603855:ERROR:net/socket/ssl_client_socket_impl.cc:902] handshake failed; returned -1, SSL error code 1, net_error -202
[524:547:0924/181637.604151:ERROR:net/socket/ssl_client_socket_impl.cc:902] handshake failed; returned -1, SSL error code 1, net_error -202
[524:547:0924/181637.604272:ERROR:net/socket/ssl_client_socket_impl.cc:902] handshake failed; returned -1, SSL error code 1, net_error -202
[524:547:0924/181638.416744:ERROR:net/socket/ssl_client_socket_impl.cc:902] handshake failed; returned -1, SSL error code 1, net_error -202
[524:547:0924/181638.425585:ERROR:net/socket/ssl_client_socket_impl.cc:902] handshake failed; returned -1, SSL error code 1, net_error -202
[524:547:0924/181638.434381:ERROR:net/socket/ssl_client_socket_impl.cc:902] handshake failed; returned -1, SSL error code 1, net_error -202
[524:547:0924/181639.724693:ERROR:net/socket/ssl_client_socket_impl.cc:902] handshake failed; returned -1, SSL error code 1, net_error -202
[524:547:0924/181639.745709:ERROR:net/socket/ssl_client_socket_impl.cc:902] handshake failed; returned -1, SSL error code 1, net_error -202
[524:547:0924/181639.879810:ERROR:net/socket/ssl_client_socket_impl.cc:902] handshake failed; returned -1, SSL error code 1, net_error -202
[524:547:0924/181641.773885:ERROR:net/socket/ssl_client_socket_impl.cc:902] handshake failed; returned -1, SSL error code 1, net_error -202
[524:547:0924/181641.786450:ERROR:net/socket/ssl_client_socket_impl.cc:902] handshake failed; returned -1, SSL error code 1, net_error -202
[524:547:0924/181641.845232:ERROR:net/socket/ssl_client_socket_impl.cc:902] handshake failed; returned -1, SSL error code 1, net_error -202
